V3 16
FL "/home/debarghaya/Documents/GitHub/IEM-Assignments/Semester 4/C6/Computer_Organization_and_Architecture_Lab/Assignment_1a.vhd" 2026/01/21.01:31:25 P.20131013
EN work/Assignment_1a 1768945638 \
      FL "/home/debarghaya/Documents/GitHub/IEM-Assignments/Semester 4/C6/Computer_Organization_and_Architecture_Lab/Assignment_1a.vhd" \
      PB ieee/std_logic_1164 1381692176
AR work/Assignment_1a/Behavioral 1768945639 \
      FL "/home/debarghaya/Documents/GitHub/IEM-Assignments/Semester 4/C6/Computer_Organization_and_Architecture_Lab/Assignment_1a.vhd" \
      EN work/Assignment_1a 1768945638
AR work/Assignment_1a/Dataflow 1768945640 \
      FL "/home/debarghaya/Documents/GitHub/IEM-Assignments/Semester 4/C6/Computer_Organization_and_Architecture_Lab/Assignment_1a.vhd" \
      EN work/Assignment_1a 1768945638
FL "/home/debarghaya/Documents/GitHub/IEM-Assignments/Semester 4/C6/Computer_Organization_and_Architecture_Lab/Assignment_1b.vhd" 2026/01/21.02:39:39 P.20131013
EN work/Assignment_1b 1768945694 \
      FL "/home/debarghaya/Documents/GitHub/IEM-Assignments/Semester 4/C6/Computer_Organization_and_Architecture_Lab/Assignment_1b.vhd" \
      PB ieee/std_logic_1164 1381692176
AR work/Assignment_1b/Behavioral 1768945695 \
      FL "/home/debarghaya/Documents/GitHub/IEM-Assignments/Semester 4/C6/Computer_Organization_and_Architecture_Lab/Assignment_1b.vhd" \
      EN work/Assignment_1b 1768945694
AR work/Assignment_1b/Dataflow 1768945696 \
      FL "/home/debarghaya/Documents/GitHub/IEM-Assignments/Semester 4/C6/Computer_Organization_and_Architecture_Lab/Assignment_1b.vhd" \
      EN work/Assignment_1b 1768945694
FL "/home/debarghaya/Documents/GitHub/IEM-Assignments/Semester 4/C6/Computer_Organization_and_Architecture_Lab/Assignment_1c.vhd" 2026/01/21.03:09:35 P.20131013
EN work/Assignment_1c 1768953789 \
      FL "/home/debarghaya/Documents/GitHub/IEM-Assignments/Semester 4/C6/Computer_Organization_and_Architecture_Lab/Assignment_1c.vhd" \
      PB ieee/std_logic_1164 1381692176
AR work/Assignment_1c/Behavioral 1768953790 \
      FL "/home/debarghaya/Documents/GitHub/IEM-Assignments/Semester 4/C6/Computer_Organization_and_Architecture_Lab/Assignment_1c.vhd" \
      EN work/Assignment_1c 1768953789
AR work/Assignment_1c/Dataflow 1768953791 \
      FL "/home/debarghaya/Documents/GitHub/IEM-Assignments/Semester 4/C6/Computer_Organization_and_Architecture_Lab/Assignment_1c.vhd" \
      EN work/Assignment_1c 1768953789
FL "/home/debarghaya/Documents/GitHub/IEM-Assignments/Semester 4/C6/Computer_Organization_and_Architecture_Lab/Assignment_1c_testbench.vhd" 2026/01/21.03:20:19 P.20131013
EN work/Assignment_1c_testbench 0 \
      FL "/home/debarghaya/Documents/GitHub/IEM-Assignments/Semester 4/C6/Computer_Organization_and_Architecture_Lab/Assignment_1c_testbench.vhd" \
      PB ieee/std_logic_1164 1381692176
AR work/Assignment_1c_testbench/Behavioral 0 \
      FL "/home/debarghaya/Documents/GitHub/IEM-Assignments/Semester 4/C6/Computer_Organization_and_Architecture_Lab/Assignment_1c_testbench.vhd" \
      EN work/Assignment_1c_testbench 0 CP work/Assignment_1c
