AR assignment_1b behavioral "/home/debarghaya/Documents/GitHub/IEM-Assignments/Semester 4/C6/Computer_Organization_and_Architecture_Lab/Assignment_1b.vhd" sub00/vhpl04 1768945695
AR assignment_1c dataflow "/home/debarghaya/Documents/GitHub/IEM-Assignments/Semester 4/C6/Computer_Organization_and_Architecture_Lab/Assignment_1c.vhd" sub00/vhpl08 1768953791
EN assignment_1a NULL "/home/debarghaya/Documents/GitHub/IEM-Assignments/Semester 4/C6/Computer_Organization_and_Architecture_Lab/Assignment_1a.vhd" sub00/vhpl00 1768945638
EN assignment_1b NULL "/home/debarghaya/Documents/GitHub/IEM-Assignments/Semester 4/C6/Computer_Organization_and_Architecture_Lab/Assignment_1b.vhd" sub00/vhpl03 1768945694
EN assignment_1c NULL "/home/debarghaya/Documents/GitHub/IEM-Assignments/Semester 4/C6/Computer_Organization_and_Architecture_Lab/Assignment_1c.vhd" sub00/vhpl06 1768953789
EN assignment_1c_testbench NULL "/home/debarghaya/Documents/GitHub/IEM-Assignments/Semester 4/C6/Computer_Organization_and_Architecture_Lab/Assignment_1c_testbench.vhd" sub00/vhpl09 1768953792
AR assignment_1b dataflow "/home/debarghaya/Documents/GitHub/IEM-Assignments/Semester 4/C6/Computer_Organization_and_Architecture_Lab/Assignment_1b.vhd" sub00/vhpl05 1768945696
AR assignment_1a dataflow "/home/debarghaya/Documents/GitHub/IEM-Assignments/Semester 4/C6/Computer_Organization_and_Architecture_Lab/Assignment_1a.vhd" sub00/vhpl02 1768945640
AR assignment_1c behavioral "/home/debarghaya/Documents/GitHub/IEM-Assignments/Semester 4/C6/Computer_Organization_and_Architecture_Lab/Assignment_1c.vhd" sub00/vhpl07 1768953790
AR assignment_1a behavioral "/home/debarghaya/Documents/GitHub/IEM-Assignments/Semester 4/C6/Computer_Organization_and_Architecture_Lab/Assignment_1a.vhd" sub00/vhpl01 1768945639
